// Jest Snapshot v1, https://goo.gl/fbAQLP

exports[`should take a snapshot 1`] = `
<DocumentFragment>
  <div
    class="ui text container"
    style="padding-top: 10%;"
  >
    <div
      class="ui grid"
    >
      <div
        class="row"
      >
        <div
          class="column"
        >
          <div
            class="ui blue fluid card"
          >
            <div
              class="content"
            >
              <h1
                class="ui header"
              >
                Drawing is hard - Final score 10
              </h1>
            </div>
          </div>
        </div>
      </div>
      <div
        class="row"
      >
        <div
          class="column"
        >
          <div
            class="ui fluid raised card"
          >
            <div
              class="content"
              style="font-size: 20px;"
            >
              <p>
                GAME OVER!
              </p>
              <p>
                You scored 
                <strong>
                  10
                </strong>
                 points.
              </p>
              <p>
                Wow, impressive! You deserve a margarita at the beach üç∏üå¥
              </p>
            </div>
          </div>
        </div>
      </div>
      <div
        class="row"
      >
        <div
          class="fourteen wide column"
        >
          <button
            class="ui blue massive fluid button"
          >
            Play again
          </button>
        </div>
        <div
          class="two wide column"
        >
          <button
            aria-label="home"
            class="ui blue massive basic fluid icon button"
          >
            <i
              aria-hidden="true"
              class="home icon"
            />
          </button>
        </div>
      </div>
    </div>
  </div>
</DocumentFragment>
`;
